// Jest Snapshot v1, https://goo.gl/fbAQLP

exports[`should match 1`] = `
<div>
  <div
    class="page-layout"
  >
    <h1>
      Hi!
    </h1>
  </div>
</div>
`;
