// Jest Snapshot v1, https://goo.gl/fbAQLP

exports[`should match 1`] = `
<div>
  <section
    class="container"
  >
    <header>
      <h1>
        Movies
      </h1>
    </header>
    <section
      class="row"
    />
  </section>
</div>
`;
